// Jest Snapshot v1, https://goo.gl/fbAQLP

exports[`Tests for <FirstApp /> Should show <FirstApp /> correctly 1`] = `
<Fragment>
  <h1>
    Hello, I am Alex
  </h1>
  <p>
    I am a subtitle
  </p>
</Fragment>
`;
